


ARM Macro Assembler    Page 1 


    1 00000000         ; Print.s
    2 00000000         ; Student names: change this to your names or look very 
                       silly
    3 00000000         ; Last modification date: change this to the last modifi
                       cation date or look very silly
    4 00000000         ; Runs on TM4C123
    5 00000000         ; EE319K lab 7 device driver for any LCD
    6 00000000         ;
    7 00000000         ; As part of Lab 7, students need to implement these LCD
                       _OutDec and LCD_OutFix
    8 00000000         ; This driver assumes two low-level LCD functions
    9 00000000         ; SSD1306_OutChar   outputs a single 8-bit ASCII charact
                       er
   10 00000000         ; SSD1306_OutString outputs a null-terminated string 
   11 00000000         
   12 00000000                 IMPORT           SSD1306_OutChar
   13 00000000                 IMPORT           SSD1306_OutString
   14 00000000                 EXPORT           LCD_OutDec
   15 00000000                 EXPORT           LCD_OutFix
   16 00000000                 PRESERVE8
   17 00000000                 AREA             |.text|, CODE, READONLY, ALIGN=
2
   18 00000000                 THUMB
   19 00000000         
   20 00000000 00000004 
                       N       EQU              4
   21 00000000 00000000 
                       CNT     EQU              0
   22 00000000        B 
                       FP      RN               11
   23 00000000         
   24 00000000         ;-----------------------LCD_OutDec----------------------
                       -
   25 00000000         ; Output a 32-bit number in unsigned decimal format
   26 00000000         ; Input: R0 (call by value) 32-bit unsigned number
   27 00000000         ; Output: none
   28 00000000         ; Invariables: This function must not permanently modify
                        registers R4 to R11
   29 00000000         LCD_OutDec
   30 00000000         
   31 00000000 E92D 0830       PUSH{            R11,R4,R5}
   32 00000004 B401            PUSH{R0}                     ; store number N
   33 00000006 B081            SUB              SP,#4
   34 00000008 46EB            MOV              FP, SP
   35 0000000A B500            PUSH{LR}
   36 0000000C F04F 0100       MOV              R1,#0       ; R1 IS MY CNT REGI
                                                            STER
   37 00000010 F8CB 1000       STR              R1, [FP,#CNT]
   38 00000014 F04F 020A       MOV              R2, #10
   39 00000018 F8DB 1000 
                       STEP1   LDR              R1, [FP,#CNT]
   40 0000001C F101 0101       ADD              R1,#1
   41 00000020 F8CB 1000       STR              R1, [FP,#CNT]
   42 00000024 4603            MOV              R3,R0
   43 00000026 4604            MOV              R4, R0
   44 00000028 FBB3 F3F2       UDIV             R3, R2
   45 0000002C 4618            MOV              R0,R3
   46 0000002E FB03 F302       MUL              R3,R2
   47 00000032 EBA4 0503       SUB              R5,R4,R3



ARM Macro Assembler    Page 2 


   48 00000036 B420            PUSH{R5}
   49 00000038 2800            CMP              R0, #0
   50 0000003A D1ED            BNE              STEP1
   51 0000003C BC20    STEP2   POP{R5}
   52 0000003E F105 0030       ADD              R0,R5,#0x30
   53 00000042 F7FF FFFE       BL               SSD1306_OutChar
   54 00000046 F8DB 1000       LDR              R1, [FP,#CNT]
   55 0000004A F1A1 0101       SUB              R1, #1
   56 0000004E F8CB 1000       STR              R1, [FP, #CNT]
   57 00000052 2900            CMP              R1, #0
   58 00000054 D8F2            BHI              STEP2
   59 00000056 F85D EB04       POP{LR}
   60 0000005A B002            ADD              SP, #8
   61 0000005C E8BD 0830       POP              {R11,R4,R5}
   62 00000060         
   63 00000060         
   64 00000060 4770            BX               LR
   65 00000062         ;* * * * * * * * End of LCD_OutDec * * * * * * * *
   66 00000062         
   67 00000062         ; -----------------------LCD _OutFix--------------------
                       --
   68 00000062         ; Output characters to LCD display in fixed-point format
                       
   69 00000062         ; unsigned decimal, resolution 0.01, range 0.00 to 9.99
   70 00000062         ; Inputs:  R0 is an unsigned 32-bit number
   71 00000062         ; Outputs: none
   72 00000062         ; E.g., R0=0,    then output "0.00 "
   73 00000062         ;       R0=3,    then output "0.03 "
   74 00000062         ;       R0=89,   then output "0.89 "
   75 00000062         ;       R0=123,  then output "1.23 "
   76 00000062         ;       R0=999,  then output "9.99 "
   77 00000062         ;       R0>999,  then output "*.** "
   78 00000062         ; Invariables: This function must not permanently modify
                        registers R4 to R11
   79 00000062         LCD_OutFix
   80 00000062         
   81 00000062 E92D 4831       PUSH{            R11,R0,LR,R4,R5}
   82 00000066         ; store number N
   83 00000066 B081            SUB              SP,#4
   84 00000068 46EB            MOV              FP, SP
   85 0000006A F04F 0100       MOV              R1,#0       ; R1 IS MY CNT REGI
                                                            STER
   86 0000006E F8CB 1000       STR              R1, [FP,#CNT]
   87 00000072 F04F 020A       MOV              R2, #10
   88 00000076 F5B0 7F7A       CMP              R0, #1000
   89 0000007A D310            BLO              InRange
   90 0000007C F04F 002A       MOV              R0, #0x2A   ; output *.** for o
                                                            utof range numbers
   91 00000080 F7FF FFFE       BL               SSD1306_OutChar
   92 00000084 F04F 002E       MOV              R0, #0x2E
   93 00000088 F7FF FFFE       BL               SSD1306_OutChar
   94 0000008C F04F 002A       MOV              R0, #0x2A
   95 00000090 F7FF FFFE       BL               SSD1306_OutChar
   96 00000094 F04F 002A       MOV              R0, #0x2A
   97 00000098 F7FF FFFE       BL               SSD1306_OutChar
   98 0000009C E026            B                OutFixExit
   99 0000009E         
  100 0000009E         InRange
  101 0000009E F8DB 1000       LDR              R1, [FP,#CNT]



ARM Macro Assembler    Page 3 


  102 000000A2 F101 0101       ADD              R1,#1
  103 000000A6 F8CB 1000       STR              R1, [FP,#CNT]
  104 000000AA 4603            MOV              R3,R0
  105 000000AC 4604            MOV              R4, R0
  106 000000AE FBB3 F3F2       UDIV             R3, R2
  107 000000B2 4618            MOV              R0,R3
  108 000000B4 FB03 F302       MUL              R3,R2
  109 000000B8 EBA4 0503       SUB              R5,R4,R3
  110 000000BC B420            PUSH{R5}
  111 000000BE         
  112 000000BE F8DB 1000       LDR              R1, [FP,#CNT]
  113 000000C2 2903            CMP              R1, #3
  114 000000C4 DBEB            BLT              InRange
  115 000000C6         
  116 000000C6 BC20            POP{R5}
  117 000000C8 F105 0030       ADD              R0,R5,#0x30
  118 000000CC F7FF FFFE       BL               SSD1306_OutChar
  119 000000D0 F04F 002E       MOV              R0, #0x2E   ; 2 in outfix
  120 000000D4 F7FF FFFE       BL               SSD1306_OutChar
  121 000000D8 BC20            POP{R5}
  122 000000DA F105 0030       ADD              R0,R5,#0x30
  123 000000DE F7FF FFFE       BL               SSD1306_OutChar
  124 000000E2 BC20            POP{R5}
  125 000000E4 F105 0030       ADD              R0,R5,#0x30
  126 000000E8 F7FF FFFE       BL               SSD1306_OutChar
  127 000000EC         OutFixExit
  128 000000EC         
  129 000000EC B002            ADD              SP, #8
  130 000000EE E8BD 4830       POP{R11,LR,R4,R5}
  131 000000F2 4770            BX               LR
  132 000000F4         
  133 000000F4                 ALIGN
  134 000000F4         ;* * * * * * * * End of LCD_OutFix * * * * * * * *
  135 000000F4         
  136 000000F4                 ALIGN                        ; make sure the end
                                                             of this section is
                                                             aligned
  137 000000F4                 END                          ; end of file
Command Line: --debug --xref --diag_suppress=9931 --cpu=Cortex-M4 --apcs=interw
ork --depend=.\print.d -o.\print.o -I.\RTE\_Lab10 -IC:\Users\deeps\AppData\Loca
l\Arm\Packs\ARM\CMSIS\5.7.0\CMSIS\Core\Include -IC:\Users\deeps\AppData\Local\A
rm\Packs\Keil\TM4C_DFP\1.1.0\Device\Include\TM4C123 --predefine="__EVAL SETA 1"
 --predefine="__UVISION_VERSION SETA 533" --predefine="_RTE_ SETA 1" --predefin
e="TM4C123GH6PM SETA 1" --predefine="_RTE_ SETA 1" --list=.\print.lst Print.s



ARM Macro Assembler    Page 1 Alphabetic symbol ordering
Relocatable symbols

.text 00000000

Symbol: .text
   Definitions
      At line 17 in file Print.s
   Uses
      None
Comment: .text unused
InRange 0000009E

Symbol: InRange
   Definitions
      At line 100 in file Print.s
   Uses
      At line 89 in file Print.s
      At line 114 in file Print.s

LCD_OutDec 00000000

Symbol: LCD_OutDec
   Definitions
      At line 29 in file Print.s
   Uses
      At line 14 in file Print.s
Comment: LCD_OutDec used once
LCD_OutFix 00000062

Symbol: LCD_OutFix
   Definitions
      At line 79 in file Print.s
   Uses
      At line 15 in file Print.s
Comment: LCD_OutFix used once
OutFixExit 000000EC

Symbol: OutFixExit
   Definitions
      At line 127 in file Print.s
   Uses
      At line 98 in file Print.s
Comment: OutFixExit used once
STEP1 00000018

Symbol: STEP1
   Definitions
      At line 39 in file Print.s
   Uses
      At line 50 in file Print.s
Comment: STEP1 used once
STEP2 0000003C

Symbol: STEP2
   Definitions
      At line 51 in file Print.s
   Uses
      At line 58 in file Print.s
Comment: STEP2 used once
7 symbols



ARM Macro Assembler    Page 1 Alphabetic symbol ordering
Absolute symbols

CNT 00000000

Symbol: CNT
   Definitions
      At line 21 in file Print.s
   Uses
      At line 37 in file Print.s
      At line 39 in file Print.s
      At line 41 in file Print.s
      At line 54 in file Print.s
      At line 56 in file Print.s
      At line 86 in file Print.s
      At line 101 in file Print.s
      At line 103 in file Print.s
      At line 112 in file Print.s

N 00000004

Symbol: N
   Definitions
      At line 20 in file Print.s
   Uses
      None
Comment: N unused
2 symbols



ARM Macro Assembler    Page 1 Alphabetic symbol ordering
External symbols

SSD1306_OutChar 00000000

Symbol: SSD1306_OutChar
   Definitions
      At line 12 in file Print.s
   Uses
      At line 53 in file Print.s
      At line 91 in file Print.s
      At line 93 in file Print.s
      At line 95 in file Print.s
      At line 97 in file Print.s
      At line 118 in file Print.s
      At line 120 in file Print.s
      At line 123 in file Print.s
      At line 126 in file Print.s

SSD1306_OutString 00000000

Symbol: SSD1306_OutString
   Definitions
      At line 13 in file Print.s
   Uses
      None
Comment: SSD1306_OutString unused
2 symbols
345 symbols in table
